Archive member included because of file (symbol)

f:/userdata/arm-2011.03/bin/../lib/gcc/arm-none-eabi/4.5.2/thumb2\libgcc.a(_arm_addsubdf3.o)
                              Application.o (__aeabi_dsub)
f:/userdata/arm-2011.03/bin/../lib/gcc/arm-none-eabi/4.5.2/thumb2\libgcc.a(_arm_muldivdf3.o)
                              Application.o (__aeabi_dmul)
f:/userdata/arm-2011.03/bin/../lib/gcc/arm-none-eabi/4.5.2/thumb2\libgcc.a(_arm_fixdfsi.o)
                              Application.o (__aeabi_d2iz)
f:/userdata/arm-2011.03/bin/../lib/gcc/arm-none-eabi/4.5.2/thumb2\libgcc.a(_arm_truncdfsf2.o)
                              cbios.o (__aeabi_d2f)
f:/userdata/arm-2011.03/bin/../lib/gcc/arm-none-eabi/4.5.2/thumb2\libgcc.a(_arm_addsubsf3.o)
                              cbios.o (__aeabi_fsub)
f:/userdata/arm-2011.03/bin/../lib/gcc/arm-none-eabi/4.5.2/thumb2\libgcc.a(_arm_muldivsf3.o)
                              cbios.o (__aeabi_fmul)
f:/userdata/arm-2011.03/bin/../lib/gcc/arm-none-eabi/4.5.2/thumb2\libgcc.a(_arm_cmpsf2.o)
                              Application.o (__aeabi_fcmpeq)
f:/userdata/arm-2011.03/bin/../lib/gcc/arm-none-eabi/4.5.2/thumb2\libgcc.a(_arm_fixsfsi.o)
                              cbios.o (__aeabi_f2iz)
f:/userdata/arm-2011.03/bin/../lib/gcc/arm-none-eabi/4.5.2/../../../../arm-none-eabi/lib/thumb2\libc.a(lib_a-memcmp.o)
                              cbios.o (memcmp)
f:/userdata/arm-2011.03/bin/../lib/gcc/arm-none-eabi/4.5.2/../../../../arm-none-eabi/lib/thumb2\libc.a(lib_a-memcpy.o)
                              Settings.o (memcpy)
f:/userdata/arm-2011.03/bin/../lib/gcc/arm-none-eabi/4.5.2/../../../../arm-none-eabi/lib/thumb2\libc.a(lib_a-memset.o)
                              cbios.o (memset)
f:/userdata/arm-2011.03/bin/../lib/gcc/arm-none-eabi/4.5.2/../../../../arm-none-eabi/lib/thumb2\libc.a(lib_a-strcat.o)
                              Application.o (strcat)
f:/userdata/arm-2011.03/bin/../lib/gcc/arm-none-eabi/4.5.2/../../../../arm-none-eabi/lib/thumb2\libc.a(lib_a-strchr.o)
                              Application.o (strchr)
f:/userdata/arm-2011.03/bin/../lib/gcc/arm-none-eabi/4.5.2/../../../../arm-none-eabi/lib/thumb2\libc.a(lib_a-strcmp.o)
                              cbios.o (strcmp)
f:/userdata/arm-2011.03/bin/../lib/gcc/arm-none-eabi/4.5.2/../../../../arm-none-eabi/lib/thumb2\libc.a(lib_a-strcpy.o)
                              MainWnd.o (strcpy)
f:/userdata/arm-2011.03/bin/../lib/gcc/arm-none-eabi/4.5.2/../../../../arm-none-eabi/lib/thumb2\libc.a(lib_a-strlen.o)
                              Application.o (strlen)
f:/userdata/arm-2011.03/bin/../lib/gcc/arm-none-eabi/4.5.2/../../../../arm-none-eabi/lib/thumb2\libc.a(lib_a-strncmp.o)
                              MainWnd.o (strncmp)
f:/userdata/arm-2011.03/bin/../lib/gcc/arm-none-eabi/4.5.2/../../../../arm-none-eabi/lib/thumb2\libm.a(lib_a-s_cos.o)
                              Statistics.o (cos)
f:/userdata/arm-2011.03/bin/../lib/gcc/arm-none-eabi/4.5.2/../../../../arm-none-eabi/lib/thumb2\libm.a(lib_a-s_sin.o)
                              ChannelMath.o (sin)
f:/userdata/arm-2011.03/bin/../lib/gcc/arm-none-eabi/4.5.2/../../../../arm-none-eabi/lib/thumb2\libm.a(lib_a-w_pow.o)
                              Application.o (pow)
f:/userdata/arm-2011.03/bin/../lib/gcc/arm-none-eabi/4.5.2/../../../../arm-none-eabi/lib/thumb2\libm.a(lib_a-w_sqrt.o)
                              Statistics.o (sqrt)
f:/userdata/arm-2011.03/bin/../lib/gcc/arm-none-eabi/4.5.2/../../../../arm-none-eabi/lib/thumb2\libm.a(lib_a-e_pow.o)
                              f:/userdata/arm-2011.03/bin/../lib/gcc/arm-none-eabi/4.5.2/../../../../arm-none-eabi/lib/thumb2\libm.a(lib_a-w_pow.o) (__ieee754_pow)
f:/userdata/arm-2011.03/bin/../lib/gcc/arm-none-eabi/4.5.2/../../../../arm-none-eabi/lib/thumb2\libm.a(lib_a-e_rem_pio2.o)
                              f:/userdata/arm-2011.03/bin/../lib/gcc/arm-none-eabi/4.5.2/../../../../arm-none-eabi/lib/thumb2\libm.a(lib_a-s_cos.o) (__ieee754_rem_pio2)
f:/userdata/arm-2011.03/bin/../lib/gcc/arm-none-eabi/4.5.2/../../../../arm-none-eabi/lib/thumb2\libm.a(lib_a-e_sqrt.o)
                              f:/userdata/arm-2011.03/bin/../lib/gcc/arm-none-eabi/4.5.2/../../../../arm-none-eabi/lib/thumb2\libm.a(lib_a-w_sqrt.o) (__ieee754_sqrt)
f:/userdata/arm-2011.03/bin/../lib/gcc/arm-none-eabi/4.5.2/../../../../arm-none-eabi/lib/thumb2\libm.a(lib_a-k_cos.o)
                              f:/userdata/arm-2011.03/bin/../lib/gcc/arm-none-eabi/4.5.2/../../../../arm-none-eabi/lib/thumb2\libm.a(lib_a-s_cos.o) (__kernel_cos)
f:/userdata/arm-2011.03/bin/../lib/gcc/arm-none-eabi/4.5.2/../../../../arm-none-eabi/lib/thumb2\libm.a(lib_a-k_rem_pio2.o)
                              f:/userdata/arm-2011.03/bin/../lib/gcc/arm-none-eabi/4.5.2/../../../../arm-none-eabi/lib/thumb2\libm.a(lib_a-e_rem_pio2.o) (__kernel_rem_pio2)
f:/userdata/arm-2011.03/bin/../lib/gcc/arm-none-eabi/4.5.2/../../../../arm-none-eabi/lib/thumb2\libm.a(lib_a-k_sin.o)
[...]
Memory Configuration

Name             Origin             Length             Attributes
RAM              0x20003000         0x0000a800         xrw
ROM              0x0804c000         0x00032000         xr
ENTRY            0x08024000         0x00000800         xr
COOKIES          0x20000800         0x00000400         xrw
*default*        0x00000000         0xffffffff

Linker script and memory map

LOAD f:/userdata/arm-2011.03/bin/../lib/gcc/arm-none-eabi/4.5.2/../../../../arm-none-eabi/lib/thumb2\libc.a
LOAD f:/userdata/arm-2011.03/bin/../lib/gcc/arm-none-eabi/4.5.2/thumb2\libgcc.a
LOAD cbios.o
LOAD waveram.o
LOAD Application.o
LOAD Main.o
LOAD stm32f10x_nvic.o
LOAD cortexm3_macro.o
LOAD interrupt.o
LOAD startup.o
LOAD GraphOsc.o
LOAD Controls.o
LOAD Settings.o
LOAD Utils.o
LOAD Wnd.o
LOAD MainWnd.o
LOAD MenuInput.o
LOAD Toolbar.o
LOAD MainMenu.o
LOAD MenuSpectMain.o
LOAD Calibration.o
LOAD Serialize.o
LOAD CalibAnalog.o
LOAD CalibDac.o
LOAD CalibMenu.o
LOAD Calibration.o
LOAD MenuMarker.o
LOAD ToolBox.o
LOAD MenuMeas.o
LOAD Manager.o
LOAD ChannelMath.o
LOAD MenuMath.o
LOAD MenuDisp.o
LOAD SpectrumGraph.o
LOAD MenuSpectMarker.o
LOAD Annot.o
LOAD Export.o
LOAD MenuGenMain.o
LOAD MenuGenEdit.o
LOAD MenuGenModulation.o
LOAD CoreGenerator.o
LOAD Import.o
LOAD CoreOscilloscope.o
LOAD FFT.o
LOAD Shapes.o
LOAD Statistics.o
LOAD _Modules.o
LOAD MenuMask.o
LOAD FirFilter.o
START GROUP
LOAD f:/userdata/arm-2011.03/bin/../lib/gcc/arm-none-eabi/4.5.2/thumb2\libgcc.a
LOAD f:/userdata/arm-2011.03/bin/../lib/gcc/arm-none-eabi/4.5.2/../../../../arm-none-eabi/lib/thumb2\libc.a
END GROUP
                0x00000400                __Stack_Size = 0x400
                0x00000400                PROVIDE (_Stack_Size, __Stack_Size)
                0x2000fc00                __Stack_Init = (_estack - __Stack_Size)
                0x2000fc00                PROVIDE (_Stack_Init, __Stack_Init)
                0x00000100                _Minimum_Stack_Size = 0x100
                0x20010000                _estack = 0x20010000
                0x00000000                . = 0x0

.bios           0x08004200       0xbf
 BIOS.o()
 .text          0x08004200       0x9e BIOS.o
                0x08004200                __CTR_HP
                0x08004204                __USB_Istr
                0x08004208                __LCD_Initial
                0x0800420c                __Point_SCR
                0x08004210                __LCD_SetPixl
                0x08004214                __Clear_Screen
                0x08004218                __Get_TAB_8x14
                0x0800421c                __LCD_Set_Block
                0x08004220                __LCD_DMA_Ready
                0x08004224                __LCD_Copy
                0x08004228                __LCD_Fill
                0x0800422c                __Row_DMA_Ready
                0x08004230                __Row_Copy
                0x08004234                __Read_FIFO
                0x08004238                __Input_Lic
                0x0800423c                __GetDev_SN
                0x08004240                __Chk_SYS
                0x08004244                __Ident
                0x08004248                __Display_Str
                0x0800424c                __Set
                0x08004250                __Set_Param
                0x08004254                __Get
                0x08004258                __ExtFlash_PageWR
                0x0800425c                __ExtFlash_PageRD
                0x08004260                __ReadDiskData
                0x08004264                __ProgDiskPage
                0x08004268                __LCD_GetPixl
                0x0800426c                __USB_Init
                0x08004270                __FLASH_Erase
                0x08004274                __FLASH_Prog
                0x08004278                __FLASH_Unlock
                0x0800427c                __FLASH_Lock
                0x08004280                __Chk_DFU
                0x08004284                __Chk_HDW
                0x08004288                __OpenFileWr
                0x0800428c                __OpenFileRd
                0x08004290                __ReadFileSec
                0x08004294                __ProgFileSec
                0x08004298                __CloseFile
                0x0800429c                __Row_Fill
 .data          0x0800429e        0x0 BIOS.o
 .bss           0x0800429e        0x0 BIOS.o
 .ARM.attributes
                0x0800429e       0x21 BIOS.o

.text           0x0804c000    0x1ee20
                0x0804c000                . = ALIGN (0x4)
                0x0804c000                _scode = .
 *(.text .text.* .gnu.linkonce.t.*)
 .text          0x0804c000     0x1fe8 cbios.o
                0x0804c000                BIOS::SYS::GetTick()
                0x0804c142                BIOS::SYS::Beep(int)
                0x0804c160                BIOS::KEY::GetKeys()
                0x0804c1d0                BIOS::LCD::Pattern(int, int, int, int, unsigned short const*, int)
                0x0804c234                BIOS::LCD::PutPixel(int, int, unsigned short)
                0x0804c45c                BIOS::SYS::GetProcAddress(char const*)
                0x0804c5e8                BIOS::SYS::Execute(int)
                0x0804c63c                _BiosExit()
                0x0804c64c                BIOS::SYS::Standby(bool)
                0x0804c654                BIOS::SYS::DelayMs(unsigned short)
                0x0804c668                itoa(unsigned short)
                0x0804c6a8                BIOS::SYS::GetBattery()
                0x0804c6d4                BIOS::SYS::SetBacklight(int)
                0x0804c6e2                BIOS::SYS::SetVolume(int)
                0x0804c6f4                BIOS::SYS::IdentifyApplication(int)
                0x0804c768                BIOS::SYS::Set(int, int)
                0x0804c76e                BIOS::SYS::Get(int, int)
                0x0804c780                ADC_Init
                0x0804c7cc                ADC_StructInit
                0x0804c7de                ADC_Cmd
                0x0804c7f4                ADC_DMACmd
                0x0804c80a                ADC_ITConfig
                0x0804c820                ADC_ResetCalibration
                0x0804c82a                ADC_GetResetCalibrationStatus
                0x0804c832                ADC_StartCalibration
                0x0804c83c                ADC_GetCalibrationStatus
                0x0804c844                ADC_SoftwareStartConvCmd
                0x0804c85a                ADC_GetSoftwareStartConvStatus
                0x0804c862                ADC_DiscModeChannelCountConfig
                0x0804c872                ADC_DiscModeCmd
                0x0804c888                ADC_RegularChannelConfig
                0x0804c916                ADC_ExternalTrigConvCmd
                0x0804c92c                ADC_GetConversionValue
                0x0804c932                ADC_GetDualModeConversionValue
                0x0804c93c                ADC_AutoInjectedConvCmd
                0x0804c952                ADC_InjectedDiscModeCmd
                0x0804c968                ADC_ExternalTrigInjectedConvConfig
                0x0804c976                ADC_ExternalTrigInjectedConvCmd
                0x0804c98c                ADC_SoftwareStartInjectedConvCmd
                0x0804c9a2                ADC_GetSoftwareStartInjectedConvCmdStatus
                0x0804c9aa                ADC_InjectedChannelConfig
                0x0804ca06                ADC_InjectedSequencerLengthConfig
                0x0804ca16                ADC_SetInjectedOffset
                0x0804ca1e                ADC_GetInjectedConversionValue
                0x0804ca2c                ADC_AnalogWatchdogCmd
                0x0804ca3e                ADC_AnalogWatchdogThresholdsConfig
                0x0804ca44                ADC_AnalogWatchdogSingleChannelConfig
                0x0804ca52                ADC_TempSensorVrefintCmd
                0x0804ca70                ADC_GetFlagStatus
                0x0804ca7c                ADC_ClearFlag
                0x0804ca82                ADC_GetITStatus
                0x0804ca98                ADC_ClearITPendingBit
                0x0804caa0                RCC_APB2PeriphResetCmd
                0x0804cabc                ADC_DeInit
                0x0804cb20                RCC_AHBPeriphClockCmd
                0x0804cb3c                RCC_APB2PeriphClockCmd
                0x0804cb58                BIOS::SYS::GetTemperature()
                0x0804cb90                BIOS::SYS::GetCoreVoltage()
                0x0804cbc8                BIOS::SYS::IsColdBoot()
                0x0804cbf8                BIOS::SYS::GetSharedBuffer()
                0x0804cc00                BIOS::SYS::GetSharedLength()
                0x0804cc06                GetFont(unsigned char)
                0x0804cc14                LCD_DelayMs(unsigned short)
                0x0804cc28                LCD_WR_Ctrl(unsigned short)
                0x0804cc44                LCD_RD_Type()
                0x0804cc78                LCD_WR_REG(unsigned short, unsigned short)
                0x0804cc98                InitILI9327()
                0x0804cd76                InitR61509V()
                0x0804cf94                LCD_Init()
                0x0804cfe8                LCD_GetPixel()
                0x0804d020                BIOS::DBG::sprintf(char*, char const*, ...)
                0x0804d03c                BIOS::LCD::Init()
                0x0804d03e                BIOS::LCD::Clear(unsigned short)
                0x0804d06c                BIOS::LCD::GetPixel(int, int)
                0x0804d082                BIOS::LCD::Bar(int, int, int, int, unsigned short)
                0x0804d0e6                BIOS::LCD::Rectangle(CRect const&, unsigned short)
                0x0804d13e                BIOS::LCD::GetImage(CRect const&, unsigned short*)
                0x0804d190                BIOS::LCD::PutImage(CRect const&, unsigned short*)
                0x0804d1fe                BIOS::LCD::Bar(CRect const&, unsigned short)
                0x0804d21c                BIOS::LCD::BufferBegin(CRect const&, unsigned char)
                0x0804d230                BIOS::LCD::BufferPush(unsigned short)
                0x0804d264                BIOS::LCD::BufferEnd()
                0x0804d266                BIOS::LCD::Draw(int, int, unsigned short, unsigned short, char const*)
                0x0804d2cc                BIOS::LCD::Buffer(int, int, unsigned short*, int)
                0x0804d2fc                _Round(int, int)
                0x0804d324                BIOS::LCD::Shadow(int, int, int, int, unsigned int)
                0x0804d3e8                BIOS::LCD::RoundRect(int, int, int, int, unsigned short)
                0x0804d460                BIOS::LCD::RoundRect(CRect const&, unsigned short)
                0x0804d47e                _DrawChar(int, int, unsigned short, unsigned short, char)
                0x0804d56a                BIOS::LCD::Print(int, int, unsigned short, unsigned short, char const*)
                0x0804d5ac                BIOS::LCD::Print(int, int, unsigned short, unsigned short, char*)
                0x0804d5ae                BIOS::LCD::Printf(int, int, unsigned short, unsigned short, char const*, ...)
                0x0804d5ec                Assert(char const*, int)
                0x0804d63c                __cxa_pure_virtual
                0x0804d64c                BIOS::DBG::Print(char const*, ...)
                0x0804d6bc                _BiosInit()
                0x0804d6c4                BIOS::LCD::Line(int, int, int, int, unsigned short)
                0x0804d7c2                BIOS::LCD::GetCharRom()
                0x0804d7c8                BIOS::ADC::Init()
                0x0804d7f8                BIOS::ADC::Enable(bool)
                0x0804d808                BIOS::ADC::Enabled()
                0x0804d814                _binary_search(unsigned long*, unsigned long, int, int)
                0x0804d83e                BIOS::ADC::Configure(unsigned char, unsigned char, unsigned short, unsigned char, unsigned char, unsigned short, float)
                0x0804d8d0                BIOS::ADC::Ready()
                0x0804d8de                BIOS::ADC::Get()
                0x0804d8e2                BIOS::ADC::Restart()
                0x0804d8fc                BIOS::ADC::ConfigureTrigger(unsigned short, unsigned short, unsigned char, unsigned char)
                0x0804d926                BIOS::ADC::Copy(int)
                0x0804d960                BIOS::ADC::GetCount()
                0x0804d966                BIOS::ADC::GetAt(int)
                0x0804d988                BIOS::ADC::GetState()
                0x0804d9b4                BIOS::ADC::GetPointer()
                0x0804d9f8                BIOS::GEN::ConfigureSq(unsigned short, unsigned short, unsigned short)
                0x0804da1c                BIOS::GEN::ConfigureWave(unsigned short*, unsigned short)
                0x0804da54                BIOS::GEN::ConfigureDc(unsigned short)
                0x0804da78                BIOS::GEN::ConfigureWaveRate(unsigned short)
                0x0804da80                BIOS::DSK::SectorSize()
                0x0804db0c                BIOS::DSK::GetSharedBuffer()
                0x0804db14                BIOS::DSK::Open(FILEINFO*, char const*, unsigned char)
                0x0804db58                BIOS::DSK::Read(FILEINFO*, unsigned char*)
                0x0804db6e                BIOS::DSK::Write(FILEINFO*, unsigned char*)
                0x0804db8a                BIOS::DSK::Close(FILEINFO*, int)
                0x0804dbc4                BIOS::SERIAL::Configure(int)
                0x0804dbd8                BIOS::SERIAL::Send(char const*)
                0x0804dbf4                BIOS::SERIAL::Init()
                0x0804dc44                BIOS::SYS::Init()
                0x0804dc78                BIOS::SERIAL::Getch()
                0x0804dc7c                BIOS::SERIAL::Putch(char)
                0x0804dc90                BIOS::VER::GetDfuVersion()
                0x0804dc98                BIOS::VER::GetHardwareVersion()
                0x0804dca0                BIOS::VER::GetSystemVersion()
                0x0804dca8                BIOS::VER::GetFpgaVersion()
                0x0804dcb0                BIOS::VER::GetSerialNumber()
                0x0804dcb4                BIOS::VER::GetDisplayType()
                0x0804dcc0                BIOS::VER::DrawLogo(int, int)
                0x0804dd68                BIOS::MOUSE::IsSupported()
                0x0804dd6c                BIOS::MOUSE::GetX()
                0x0804dd70                BIOS::MOUSE::GetY()
                0x0804dd74                BIOS::MOUSE::GetDown()
                0x0804dd78                BIOS::GPIO::GetRegister(int, int)
                0x0804dd8c                BIOS::GPIO::SetState(int, int, int)
                0x0804ddec                BIOS::GPIO::SetPin(int, int, bool)
                0x0804de10                BIOS::GPIO::GetPin(int, int)
                0x0804de30                print_callers
                0x0804de90                crash_with_message
                0x0804decc                __assert_fail
                0x0804def4                print_hardfault
                0x0804dfb4                HardFaultException
 .text          0x0804dfe8        0x0 waveram.o
 .text          0x0804dfe8      0x118 Application.o
                0x0804dfe8                CApplication::Destroy()
                0x0804dfea                CApplication::CApplication()
                0x0804dfea                CApplication::CApplication()
                0x0804e008                CApplication::~CApplication()
                0x0804e008                CApplication::~CApplication()
                0x0804e014                CApplication::getInstance()
                0x0804e020                CApplication::operator()()
                0x0804e0d0                CApplication::Create()
 .text._ZN14CValueProvidermiEa
                0x0804e100        0xe Application.o
                0x0804e100                CValueProvider::operator-(signed char)
 *fill*         0x0804e10e        0x2 00
 .text._ZN14CValueProvider3GetEv
                0x0804e110        0xc Application.o
                0x0804e110                CValueProvider::Get()
 .text._ZN8CLSpacer7OnPaintEv
                0x0804e11c        0x2 Application.o
                0x0804e11c                CLSpacer::OnPaint()
 .text._ZN14CProviderDigitplEa
                0x0804e11e        0x4 Application.o
                0x0804e11e                CProviderDigit::operator+(signed char)
 .text._ZN14CProviderDigitppEi
                0x0804e122        0xc Application.o
                0x0804e122                CProviderDigit::operator++(int)
 .text._ZN14CProviderDigitmmEi
                0x0804e12e        0xc Application.o
                0x0804e12e                CProviderDigit::operator--(int)
 .text._ZN14CProviderDigit8GetWidthEv
                0x0804e13a        0x4 Application.o
                0x0804e13a                CProviderDigit::GetWidth()
 .text._ZN13CProviderEnumplEa
                0x0804e13e       0x18 Application.o
                0x0804e13e                CProviderEnum::operator+(signed char)
 .text._ZN13CProviderEnumppEi
                0x0804e156        0xa Application.o
                0x0804e156                CProviderEnum::operator++(int)
 .text._ZN13CProviderEnummmEi
                0x0804e160        0xa Application.o
                0x0804e160                CProviderEnum::operator--(int)
 .text._ZN13CProviderEnum3SetEm
                0x0804e16a        0x6 Application.o
                0x0804e16a                CProviderEnum::Set(unsigned long)
 .text._ZN13CProviderEnum3GetEv
                0x0804e170        0x6 Application.o
                0x0804e170                CProviderEnum::Get()
 .text._ZN12CProviderNumplEa
                0x0804e176       0x22 Application.o
                0x0804e176                CProviderNum::operator+(signed char)
 .text._ZN12CProviderNumppEi
                0x0804e198        0xa Application.o
                0x0804e198                CProviderNum::operator++(int)
 .text._ZN12CProviderNummmEi
                0x0804e1a2        0xa Application.o
                0x0804e1a2                CProviderNum::operator--(int)
 .text._ZN14CProviderColorplEa
                0x0804e1ac        0x4 Application.o
                0x0804e1ac                CProviderColor::operator+(signed char)
 .text._ZN14CProviderColor8GetWidthEv
                0x0804e1b0        0x4 Application.o
                0x0804e1b0                CProviderColor::GetWidth()
 .text._ZN12CProviderBtnplEa
                0x0804e1b4        0x4 Application.o
                0x0804e1b4                CProviderBtn::operator+(signed char)
 .text._ZN12CProviderBtn8GetWidthEv
                0x0804e1b8        0x4 Application.o
                0x0804e1b8                CProviderBtn::GetWidth()
 .text._ZN12CProviderBtn3GetEv
                0x0804e1bc        0x4 Application.o
                0x0804e1bc                CProviderBtn::Get()
 .text._ZN12CProviderRgb8GetWidthEv
                0x0804e1c0        0x4 Application.o
                0x0804e1c0                CProviderRgb::GetWidth()
 .text._ZN12CMIBacklight8GetValueEv
                0x0804e1c4       0x14 Application.o
                0x0804e1c4                CMIBacklight::GetValue()
 .text._ZN12CMIBacklight6GetMinEv
                0x0804e1d8        0x4 Application.o
                0x0804e1d8                CMIBacklight::GetMin()
 .text._ZN12CMIBacklight6GetMaxEv
                0x0804e1dc        0x4 Application.o
                0x0804e1dc                CMIBacklight::GetMax()
 .text._ZN9CMIVolume8GetValueEv
                0x0804e1e0       0x14 Application.o
                0x0804e1e0                CMIVolume::GetValue()
 .text._ZN9CMIVolume6GetMinEv
                0x0804e1f4        0x4 Application.o
                0x0804e1f4                CMIVolume::GetMin()
 .text._ZN9CMIVolume6GetMaxEv
                0x0804e1f8        0x4 Application.o
                0x0804e1f8                CMIVolume::GetMax()
 .text._ZN16CWndMenuSettings9OnMessageEP4CWndtm
                0x0804e1fc        0x2 Application.o
                0x0804e1fc                CWndMenuSettings::OnMessage(CWnd*, unsigned short, unsigned long)
 .text._ZN19CWndMenuKeySettings9OnMessageEP4CWndtm
                0x0804e1fe        0x2 Application.o
                0x0804e1fe                CWndMenuKeySettings::OnMessage(CWnd*, unsigned short, unsigned long)
 .text._ZN15CProviderNumAnyIiEplEa
                0x0804e200       0x1c Application.o
                0x0804e200                CProviderNumAny<int>::operator+(signed char)
 .text._ZN15CProviderNumAnyIiEppEi
                0x0804e21c        0xa Application.o
                0x0804e21c                CProviderNumAny<int>::operator++(int)
 .text._ZN15CProviderNumAnyIiEmmEi
                0x0804e226        0xa Application.o
                0x0804e226                CProviderNumAny<int>::operator--(int)
 .text._ZN14CValueProvider3SetEm
                0x0804e230       0x10 Application.o
                0x0804e230                CValueProvider::Set(unsigned long)
 .text._ZN14CValueProvider8GetWidthEv
                0x0804e240       0x14 Application.o
                0x0804e240                CValueProvider::GetWidth()
 .text._ZN14CValueProvider7OnPaintERK5CRecth
                0x0804e254       0x10 Application.o
                0x0804e254                CValueProvider::OnPaint(CRect const&, unsigned char)
 .text._ZN14CValueProvidermmEi
                0x0804e264       0x10 Application.o
                0x0804e264                CValueProvider::operator--(int)
 .text._ZN14CValueProviderppEi
                0x0804e274       0x10 Application.o
                0x0804e274                CValueProvider::operator++(int)
 .text._ZN14CValueProviderplEa
                0x0804e284       0x14 Application.o
                0x0804e284                CValueProvider::operator+(signed char)
 .text._ZN22CWndSpectrumGraphTempl9OnMessageEP4CWndtm
                0x0804e298       0x14 Application.o
                0x0804e298                CWndSpectrumGraphTempl::OnMessage(CWnd*, unsigned short, unsigned long)
 .text._ZN18CWndTimeGraphTempl9OnMessageEP4CWndtm
                0x0804e2ac       0x14 Application.o
                0x0804e2ac                CWndTimeGraphTempl::OnMessage(CWnd*, unsigned short, unsigned long)
 .text._ZN21CWndSpectrographTempl9OnMessageEP4CWndtm
                0x0804e2c0       0x14 Application.o
                0x0804e2c0                CWndSpectrographTempl::OnMessage(CWnd*, unsigned short, unsigned long)
 .text._ZN23CWndLevelReferencesMath7OnPaintEv
                0x0804e2d4       0x40 Application.o
                0x0804e2d4                CWndLevelReferencesMath::OnPaint()
 .text._ZN9CItemMeas5OnKeyEt
                0x0804e314       0x3c Application.o
                0x0804e314                CItemMeas::OnKey(unsigned short)
 .text._ZN12CWndMenuItem5OnKeyEt
                0x0804e350       0x24 Application.o
                0x0804e350                CWndMenuItem::OnKey(unsigned short)
 .text._ZN7CMPItem5OnKeyEt
                0x0804e374       0xa0 Application.o
                0x0804e374                CMPItem::OnKey(unsigned short)
 .text._ZN11CItemOffset5OnKeyEt
                0x0804e414       0x58 Application.o
                0x0804e414                CItemOffset::OnKey(unsigned short)
 .text._ZN14CItemAmplitude5OnKeyEt
                0x0804e46c       0x58 Application.o
                0x0804e46c                CItemAmplitude::OnKey(unsigned short)
 .text._ZN9CListItem5OnKeyEt
                0x0804e4c4       0x26 Application.o
                0x0804e4c4                CListItem::OnKey(unsigned short)
 *fill*         0x0804e4ea        0x2 00
 .text._ZN7CLPItem5OnKeyEt
                0x0804e4ec       0xa0 Application.o
                0x0804e4ec                CLPItem::OnKey(unsigned short)
 .text._ZN13CItemProvider5OnKeyEt
                0x0804e58c       0x76 Application.o
                0x0804e58c                CItemProvider::OnKey(unsigned short)
 *fill*         0x0804e602        0x2 00
 .text._ZN12CItemOperand5OnKeyEt
                0x0804e604       0x78 Application.o
                0x0804e604                CItemOperand::OnKey(unsigned short)
 .text._ZN13CItemOperator5OnKeyEt
                0x0804e67c       0x84 Application.o
                0x0804e67c                CItemOperator::OnKey(unsigned short)
 .text._ZN12CWndMenuItem6CreateEPKctR5CRectP4CWnd
                0x0804e700       0x16 Application.o
                0x0804e700                CWndMenuItem::Create(char const*, unsigned short, CRect&, CWnd*)
 *fill*         0x0804e716        0x2 00
 .text._ZN11CWndZoomBar6CreateEP4CWndtS1_
                0x0804e718       0x3c Application.o
                0x0804e718                CWndZoomBar::Create(CWnd*, unsigned short, CWnd*)
 .text._ZN11CWndOscInfo6CreateEP4CWndtS1_
                0x0804e754       0x3c Application.o
                0x0804e754                CWndOscInfo::Create(CWnd*, unsigned short, CWnd*)
 .text._ZN17CWndMenuBlockIcon6CreateEPKctR5CRectP4CWndPKv
                0x0804e790       0x12 Application.o
                0x0804e790                CWndMenuBlockIcon::Create(char const*, unsigned short, CRect&, CWnd*, void const*)
 .text._ZN12CWndMenuItem6CreateEPKcthP4CWnd
                0x0804e7a2       0x6c Application.o
                0x0804e7a2                CWndMenuItem::Create(char const*, unsigned short, unsigned char, CWnd*)
 .text._ZN11CMIProgress6CreateEPKcthP4CWnd
                0x0804e80e        0x4 Application.o
                0x0804e80e                CMIProgress::Create(char const*, unsigned short, unsigned char, CWnd*)
 *fill*         0x0804e812        0x2 00
 .text._ZN13CItemProvider6CreateEP14CValueProviderPKctP4CWnd
                0x0804e814       0x38 Application.o
                0x0804e814                CItemProvider::Create(CValueProvider*, char const*, unsigned short, CWnd*)
 .text._ZN9CMIButton6CreateEPKctiP4CWnd
                0x0804e84c        0x6 Application.o
                0x0804e84c                CMIButton::Create(char const*, unsigned short, int, CWnd*)
 .text._ZN14CItemFrequency6CreateEPKcthP4CWnd
                0x0804e852        0x4 Application.o
                0x0804e852                CItemFrequency::Create(char const*, unsigned short, unsigned char, CWnd*)
 .text._ZN14CItemAmplitude6CreateEPKcthP4CWnd
                0x0804e856        0xe Application.o
                0x0804e856                CItemAmplitude::Create(char const*, unsigned short, unsigned char, CWnd*)
 .text._ZN11CItemOffset6CreateEPKcthP4CWnd
                0x0804e864        0xe Application.o
                0x0804e864                CItemOffset::Create(char const*, unsigned short, unsigned char, CWnd*)
 .text._ZN9CItemDuty6CreateEPKcthP4CWnd
                0x0804e872        0x4 Application.o
                0x0804e872                CItemDuty::Create(char const*, unsigned short, unsigned char, CWnd*)
 *fill*         0x0804e876        0x2 00
 .text._ZN12CItemOperand6CreateEPN9CSettings11MathOperandEP4CWnd
                0x0804e878       0x2c Application.o
                0x0804e878                CItemOperand::Create(CSettings::MathOperand*, CWnd*)
 .text._ZN6CMIAdc6CreateEPKcthP4CWnd
                0x0804e8a4        0xe Application.o
                0x0804e8a4                CMIAdc::Create(char const*, unsigned short, unsigned char, CWnd*)
 .text._ZN13CProviderEnum7OnPaintERK5CRecth
                0x0804e8b2       0x2c Application.o
                0x0804e8b2                CProviderEnum::OnPaint(CRect const&, unsigned char)
 *fill*         0x0804e8de        0x2 00
 .text._ZN11CWndOscInfo7OnPaintEv
                0x0804e8e0       0xbc Application.o
                0x0804e8e0                CWndOscInfo::OnPaint()
 .text._ZN15CWndAboutStatus7OnPaintEv
                0x0804e99c       0xf8 Application.o
                0x0804e99c                CWndAboutStatus::OnPaint()
 .text._ZN12CProviderBtn7OnPaintERK5CRecth
                0x0804ea94       0x64 Application.o
                0x0804ea94                CProviderBtn::OnPaint(CRect const&, unsigned char)
 .text._ZN10CWndButton7OnPaintEv
                0x0804eaf8       0x64 Application.o
                0x0804eaf8                CWndButton::OnPaint()
 .text._ZN15CWndScreenSaver7OnPaintEv
                0x0804eb5c       0x30 Application.o
                0x0804eb5c                CWndScreenSaver::OnPaint()
 .text._ZN13CProviderEnum8GetWidthEv
                0x0804eb8c       0x1c Application.o
                0x0804eb8c                CProviderEnum::GetWidth()
 .text._ZN14CProviderDigit7OnPaintERK5CRecth
                0x0804eba8       0x5c Application.o
                0x0804eba8                CProviderDigit::OnPaint(CRect const&, unsigned char)
 .text._ZN8CListBox9OnMessageEP4CWndtm
                0x0804ec04       0x1c Application.o
                0x0804ec04                CListBox::OnMessage(CWnd*, unsigned short, unsigned long)
 .text._ZN9CMIButton5OnKeyEt
                0x0804ec20       0x28 Application.o
                0x0804ec20                CMIButton::OnKey(unsigned short)
 .text._ZN17CWndMenuBlockIcon5OnKeyEt
                0x0804ec48       0x12 Application.o
                0x0804ec48                CWndMenuBlockIcon::OnKey(unsigned short)
 .text._ZN10CWndButton5OnKeyEt
                0x0804ec5a       0x20 Application.o
                0x0804ec5a                CWndButton::OnKey(unsigned short)
 *fill*         0x0804ec7a        0x2 00
 .text._ZN10CMIAutoOff5OnKeyEt
                0x0804ec7c       0x24 Application.o
                0x0804ec7c                CMIAutoOff::OnKey(unsigned short)
 .text._ZN14CItemBeepOnOff5OnKeyEt
                0x0804eca0       0x24 Application.o
                0x0804eca0                CItemBeepOnOff::OnKey(unsigned short)
 .text._ZN13CItemShortcut5OnKeyEt
                0x0804ecc4       0x24 Application.o
                0x0804ecc4                CItemShortcut::OnKey(unsigned short)
 .text._ZN15CProviderNumAnyIiE8GetWidthEv
                0x0804ece8       0x1c Application.o
                0x0804ece8                CProviderNumAny<int>::GetWidth()
 .text._ZN15CProviderNumAnyIiE7OnPaintERK5CRecth
                0x0804ed04       0x6c Application.o
                0x0804ed04                CProviderNumAny<int>::OnPaint(CRect const&, unsigned char)
 .text._ZN12CProviderNum8GetWidthEv
                0x0804ed70       0x1c Application.o
                0x0804ed70                CProviderNum::GetWidth()
 .text._ZN12CProviderNum7OnPaintERK5CRecth
                0x0804ed8c       0x70 Application.o
                0x0804ed8c                CProviderNum::OnPaint(CRect const&, unsigned char)
 .text._ZN15CWndListOperand9OnMessageEP4CWndtm
                0x0804edfc       0xa4 Application.o
                0x0804edfc                CWndListOperand::OnMessage(CWnd*, unsigned short, unsigned long)
 .text._ZN14CProviderColor7OnPaintERK5CRecth
                0x0804eea0       0x60 Application.o
                0x0804eea0                CProviderColor::OnPaint(CRect const&, unsigned char)
 .text._ZN9CWndSnake9OnMessageEP4CWndtm
                0x0804ef00       0x1c Application.o
                0x0804ef00                CWndSnake::OnMessage(CWnd*, unsigned short, unsigned long)
 .text._ZN15CWndAboutStatus9OnMessageEP4CWndtm
                0x0804ef1c       0x1c Application.o
                0x0804ef1c                CWndAboutStatus::OnMessage(CWnd*, unsigned short, unsigned long)
 .text._ZN16CWndAboutModules7OnPaintEv
                0x0804ef38       0xd0 Application.o
                0x0804ef38                CWndAboutModules::OnPaint()
 .text._ZN10CLPSubItem5OnKeyEt
                0x0804f008       0xaa Application.o
                0x0804f008                CLPSubItem::OnKey(unsigned short)
 *fill*         0x0804f0b2        0x2 00
 .text._ZN11CWndConfirm5OnKeyEt
                0x0804f0b4       0x40 Application.o
                0x0804f0b4                CWndConfirm::OnKey(unsigned short)
 .text._ZN6CPointC2Eii
                0x0804f0f4        0x6 Application.o
                0x0804f0f4                CPoint::CPoint(int, int)
                0x0804f0f4                CPoint::CPoint(int, int)
 .text._ZN5CRectC2Eiiii
                0x0804f0fa       0x10 Application.o
                0x0804f0fa                CRect::CRect(int, int, int, int)
                0x0804f0fa                CRect::CRect(int, int, int, int)
 *fill*         0x0804f10a        0x2 00
 .text._ZN19CWndLevelReferences6CreateEP4CWndt
                0x0804f10c       0x30 Application.o
                0x0804f10c                CWndLevelReferences::Create(CWnd*, unsigned short)
 .text._ZN23CWndLevelReferencesMath6CreateEP4CWndt
                0x0804f13c       0x30 Application.o
                0x0804f13c                CWndLevelReferencesMath::Create(CWnd*, unsigned short)
 .text._ZN18CWndTimeReferences6CreateEP4CWndt
                0x0804f16c       0x30 Application.o
                0x0804f16c                CWndTimeReferences::Create(CWnd*, unsigned short)
 .text._ZN17CWndAboutFirmware6CreateEP4CWndt
                0x0804f19c       0x30 Application.o
                0x0804f19c                CWndAboutFirmware::Create(CWnd*, unsigned short)
 .text._ZN15CWndAboutDevice6CreateEP4CWndt
                0x0804f1cc       0x30 Application.o
                0x0804f1cc                CWndAboutDevice::Create(CWnd*, unsigned short)
 .text._ZN15CWndAboutStatus6CreateEP4CWndt
                0x0804f1fc       0x30 Application.o
                0x0804f1fc                CWndAboutStatus::Create(CWnd*, unsigned short)
 .text._ZN16CWndAboutModules6CreateEP4CWndt
                0x0804f22c       0x30 Application.o
                0x0804f22c                CWndAboutModules::Create(CWnd*, unsigned short)
 .text._ZN15CWndScreenSaver6CreateEP4CWndt
                0x0804f25c       0x30 Application.o
                0x0804f25c                CWndScreenSaver::Create(CWnd*, unsigned short)
 .text._ZN9CWndSnake6CreateEP4CWndt
                0x0804f28c       0x2c Application.o
                0x0804f28c                CWndSnake::Create(CWnd*, unsigned short)
 .text._ZN5CRect7CenterXEv
                0x0804f2b8        0xe Application.o
                0x0804f2b8                CRect::CenterX()
 .text._ZN5CRect6CenterEv
                0x0804f2c6       0x32 Application.o
                0x0804f2c6                CRect::Center()
 .text._ZN5CRect7DeflateEiiii
                0x0804f2f8       0x1e Application.o
                0x0804f2f8                CRect::Deflate(int, int, int, int)
 .text._ZN5CRect7InflateEiiii
                0x0804f316       0x1e Application.o
                0x0804f316                CRect::Inflate(int, int, int, int)
 .text._ZNK5CRect5WidthEv
                0x0804f334        0xc Application.o
                0x0804f334                CRect::Width() const
 .text._ZN11CWndZoomBar7OnPaintEv
                0x0804f340       0x94 Application.o
                0x0804f340                CWndZoomBar::OnPaint()
 .text._ZN18CWndTimeReferences7OnPaintEv
                0x0804f3d4       0x54 Application.o
                0x0804f3d4                CWndTimeReferences::OnPaint()
 .text._ZN17CWndAboutFirmware7OnPaintEv
                0x0804f428       0xec Application.o
                0x0804f428                CWndAboutFirmware::OnPaint()
 .text._ZN15CWndAboutDevice7OnPaintEv
                0x0804f514      0x184 Application.o
                0x0804f514                CWndAboutDevice::OnPaint()
 .text._ZNK5CRect6HeightEv
                0x0804f698        0xc Application.o
                0x0804f698                CRect::Height() const
 .text._ZN5CRect6OffsetEii
                0x0804f6a4       0x1a Application.o
                0x0804f6a4                CRect::Offset(int, int)
 .text._ZN5CRect10InvalidateEv
                0x0804f6be        0xc Application.o
                0x0804f6be                CRect::Invalidate()
 .text._ZNK5CRect7IsValidEv
                0x0804f6ca       0x12 Application.o
                0x0804f6ca                CRect::IsValid() const
 .text._ZN12CWndSigGraph7OnPaintEv
                0x0804f6dc      0x20c Application.o
                0x0804f6dc                CWndSigGraph::OnPaint()
 .text._ZN11CDesignNice16MenuItemDisabledERK5CRectt
                0x0804f8e8       0x3a Application.o
                0x0804f8e8                CDesignNice::MenuItemDisabled(CRect const&, unsigned short)
 .text._ZN11CDesignNice15MenuItemEnabledERK5CRectt
                0x0804f922       0x42 Application.o
                0x0804f922                CDesignNice::MenuItemEnabled(CRect const&, unsigned short)
 .text._ZN11CDesignNice21MenuItemClearDisabledERK5CRect
                0x0804f964       0x1e Application.o
                0x0804f964                CDesignNice::MenuItemClearDisabled(CRect const&)
 .text._ZN11CDesignNice20MenuItemClearEnabledERK5CRect
                0x0804f982       0x32 Application.o
                0x0804f982                CDesignNice::MenuItemClearEnabled(CRect const&)
 .text._ZN12CWndMenuItem7OnPaintEv
                0x0804f9b4       0x76 Application.o
                0x0804f9b4                CWndMenuItem::OnPaint()
 *fill*         0x0804fa2a        0x2 00
 .text._ZN9CItemMeas7OnPaintEv
                0x0804fa2c      0x130 Application.o
                0x0804fa2c                CItemMeas::OnPaint()
 .text._ZN13CItemProvider7OnPaintEv
                0x0804fb5c       0xe0 Application.o
                0x0804fb5c                CItemProvider::OnPaint()
 .text._ZN7CMPItem7OnPaintEv
                0x0804fc3c       0xcc Application.o
                0x0804fc3c                CMPItem::OnPaint()
 .text._ZN9CMIButton7OnPaintEv
                0x0804fd08        0x4 Application.o
                0x0804fd08                CMIButton::OnPaint()
 .text._ZN14CItemAmplitude7OnPaintEv
                0x0804fd0c       0x30 Application.o
                0x0804fd0c                CItemAmplitude::OnPaint()
 .text._ZN11CItemOffset7OnPaintEv
                0x0804fd3c       0x30 Application.o
                0x0804fd3c                CItemOffset::OnPaint()
 .text._ZN9CItemDuty7OnPaintEv
                0x0804fd6c       0x30 Application.o
                0x0804fd6c                CItemDuty::OnPaint()
 .text._ZN12CItemOperand7OnPaintEv
                0x0804fd9c       0x84 Application.o
                0x0804fd9c                CItemOperand::OnPaint()
 .text._ZN13CItemOperator7OnPaintEv
                0x0804fe20       0x5c Application.o
                0x0804fe20                CItemOperator::OnPaint()
 .text._ZN6CMIAdc7OnPaintEv
                0x0804fe7c       0x50 Application.o
                0x0804fe7c                CMIAdc::OnPaint()
 .text._ZN11CDesignNice17MenuBlockDisabledERK5CRectt
                0x0804fecc       0x8a Application.o
                0x0804fecc                CDesignNice::MenuBlockDisabled(CRect const&, unsigned short)
 .text._ZN11CDesignNice16MenuBlockEnabledERK5CRectt
                0x0804ff56       0x56 Application.o
                0x0804ff56                CDesignNice::MenuBlockEnabled(CRect const&, unsigned short)
 .text._ZN11CDesignNice6WindowERK5CRectt
                0x0804ffac       0x4c Application.o
                0x0804ffac                CDesignNice::Window(CRect const&, unsigned short)
 .text._ZN8CListBox7OnPaintEv
                0x0804fff8       0x38 Application.o
                0x0804fff8                CListBox::OnPaint()
 .text._ZN14CWndMessageBox7OnPaintEv
                0x08050030       0xa6 Application.o
                0x08050030                CWndMessageBox::OnPaint()
 .text._ZN11CWndConfirm7OnPaintEv
                0x080500d6       0x70 Application.o
                0x080500d6                CWndConfirm::OnPaint()
 .text._ZN11CDesignNice16ListItemDisabledERK5CRect
                0x08050146        0x8 Application.o
                0x08050146                CDesignNice::ListItemDisabled(CRect const&)
 .text._ZN11CDesignNice15ListItemEnabledERK5CRect
                0x0805014e       0x4e Application.o
                0x0805014e                CDesignNice::ListItemEnabled(CRect const&)
 .text._ZN9CListItem7OnPaintEv
                0x0805019c       0x20 Application.o
                0x0805019c                CListItem::OnPaint()
 .text._ZN7CLPItem7OnPaintEv
                0x080501bc       0xf4 Application.o
                0x080501bc                CLPItem::OnPaint()
 .text._ZN12CLStaticItem7OnPaintEv
                0x080502b0       0x32 Application.o
                0x080502b0                CLStaticItem::OnPaint()
 .text._ZN11CDigitsItemILi4EE7OnPaintEv
                0x080502e2       0x22 Application.o
                0x080502e2                CDigitsItem<4>::OnPaint()
 .text._ZN10CLPSubItem7OnPaintEv
                0x08050304       0xb0 Application.o
                0x08050304                CLPSubItem::OnPaint()
 .text._ZN7CBitmap5PixelEt
                0x080503b4       0x4a Application.o
                0x080503b4                CBitmap::Pixel(unsigned short)
 .text._ZN7CBitmap7getvlc8Ev
                0x080503fe       0x24 Application.o
                0x080503fe                CBitmap::getvlc8()
 .text._ZN7CBitmap4LoadEPKh
                0x08050422       0x4e Application.o
                0x08050422                CBitmap::Load(unsigned char const*)
 .text._ZN7CBitmap7getfix4Ev
                0x08050470       0x24 Application.o
                0x08050470                CBitmap::getfix4()
 .text._ZN7CBitmap7getvlc4Ev
                0x08050494       0x26 Application.o
                0x08050494                CBitmap::getvlc4()
 *fill*         0x080504ba        0x2 00
 .text._ZN7CBitmap4BlitEii
                0x080504bc       0x94 Application.o
                0x080504bc                CBitmap::Blit(int, int)
 .text._ZN6CUtils6RandomEv
                0x08050550       0x30 Application.o
                0x08050550                CUtils::Random()
 .text._ZN12CWndMenuItem11SetColorPtrEPt
                0x08050580        0x4 Application.o
                0x08050580                CWndMenuItem::SetColorPtr(unsigned short*)
 .text._ZN9CItemMeas6CreateEPN9CSettings7MeasureEP4CWnd
                0x08050584       0x44 Application.o
                0x08050584                CItemMeas::Create(CSettings::Measure*, CWnd*)
 .text._ZN13CItemOperator6CreateEPN9CSettings12MathOperatorEP4CWnd
                0x080505c8       0x38 Application.o
                0x080505c8                CItemOperator::Create(CSettings::MathOperator*, CWnd*)
 .text._ZN17CWndMenuBlockIcon12RemapPaletteEPttt
                0x08050600       0x3e Application.o
                0x08050600                CWndMenuBlockIcon::RemapPalette(unsigned short*, unsigned short, unsigned short)
 .text._ZN17CWndMenuBlockIcon7OnPaintEv
                0x0805063e       0x80 Application.o
                0x0805063e                CWndMenuBlockIcon::OnPaint()
 .text._ZN13CProviderEnum6CreateEPPKcPhh
                0x080506be        0x8 Application.o
                0x080506be                CProviderEnum::Create(char const**, unsigned char*, unsigned char)
 *fill*         0x080506c6        0x2 00
 .text._ZN12CProviderRgb8GetValueEv
                0x080506c8       0x40 Application.o
                0x080506c8                CProviderRgb::GetValue()
 .text._ZN12CProviderRgb7OnPaintERK5CRecth
                0x08050708       0x3c Application.o
                0x08050708                CProviderRgb::OnPaint(CRect const&, unsigned char)
 .text._ZN12CProviderRgbplEa
                0x08050744       0x26 Application.o
                0x08050744                CProviderRgb::operator+(signed char)
 *fill*         0x0805076a        0x2 00
 .text._ZN12CProviderRgb8SetValueEh
                0x0805076c       0x74 Application.o
                0x0805076c                CProviderRgb::SetValue(unsigned char)
 .text._ZN12CProviderRgbmmEi
                0x080507e0       0x1a Application.o
                0x080507e0                CProviderRgb::operator--(int)
 .text._ZN12CProviderRgbppEi
                0x080507fa       0x1c Application.o
                0x080507fa                CProviderRgb::operator++(int)
 .text._ZN9CSettings10Calibrator7GetZeroERNS0_8FastCalcE
                0x08050816        0x6 Application.o
                0x08050816                CSettings::Calibrator::GetZero(CSettings::Calibrator::FastCalc&)
 .text._ZN8CListBoxC2Ev
                0x0805081c       0x14 Application.o
                0x0805081c                CListBox::CListBox()
                0x0805081c                CListBox::CListBox()
 .text._ZN14CValueProviderC2Ev
                0x08050830        0xc Application.o
                0x08050830                CValueProvider::CValueProvider()
                0x08050830                CValueProvider::CValueProvider()
 .text._ZN13CProviderEnumC2Ev
                0x0805083c       0x14 Application.o
                0x0805083c                CProviderEnum::CProviderEnum()
                0x0805083c                CProviderEnum::CProviderEnum()
 .text._ZN15CProviderNumAnyIiEC2Ev
                0x08050850       0x14 Application.o
                0x08050850                CProviderNumAny<int>::CProviderNumAny()
                0x08050850                CProviderNumAny<int>::CProviderNumAny()
 .text._ZN9CListItemC2Ev
                0x08050864       0x14 Application.o
                0x08050864                CListItem::CListItem()
                0x08050864                CListItem::CListItem()
 .text._ZN7CLPItemC2Ev
                0x08050878       0x14 Application.o
                0x08050878                CLPItem::CLPItem()
                0x08050878                CLPItem::CLPItem()
 .text._ZN12CLStaticItemC2Ev
                0x0805088c       0x14 Application.o
                0x0805088c                CLStaticItem::CLStaticItem()
                0x0805088c                CLStaticItem::CLStaticItem()
 .text._ZN14CWndMessageBox4HideEv
                0x080508a0       0x12 Application.o
                0x080508a0                CWndMessageBox::Hide()
 .text._ZN14CWndMessageBox7OnTimerEv
                0x080508b2        0x4 Application.o
                0x080508b2                CWndMessageBox::OnTimer()
 .text._ZN14CWndMessageBox5OnKeyEt
                0x080508b6        0x4 Application.o
                0x080508b6                CWndMessageBox::OnKey(unsigned short)
 *fill*         0x080508ba        0x2 00
 .text._ZN14CItemFrequency12GetFrequencyEv
                0x080508bc       0x70 Application.o
                0x080508bc                CItemFrequency::GetFrequency()
 .text._ZN14CItemFrequency7OnPaintEv
                0x0805092c       0x3a Application.o
                0x0805092c                CItemFrequency::OnPaint()
 *fill*         0x08050966        0x2 00
 .text._ZN14CItemFrequency12SetFrequencyEf
                0x08050968       0xb8 Application.o
                0x08050968                CItemFrequency::SetFrequency(float)
 .text._ZN14CItemFrequency5OnKeyEt
                0x08050a20      0x200 Application.o
                0x08050a20                CItemFrequency::OnKey(unsigned short)
 .text._ZN14CAverageFilter5ResetEv
                0x08050c20        0xa Application.o
                0x08050c20                CAverageFilter::Reset()
 .text._ZN14CAverageFilterC2Ev
                0x08050c2a        0xc Application.o
                0x08050c2a                CAverageFilter::CAverageFilter()
                0x08050c2a                CAverageFilter::CAverageFilter()
 .text._ZN14CAverageFilterclEi
                0x08050c36       0x64 Application.o
                0x08050c36                CAverageFilter::operator()(int)
 *fill*         0x08050c9a        0x2 00
 .text._ZN15CWndAboutStatus7OnTimerEv
                0x08050c9c      0x210 Application.o
                0x08050c9c                CWndAboutStatus::OnTimer()
 .text._ZN13CCoreSettings6UpdateEv
                0x08050eac       0x1c Application.o
                0x08050eac                CCoreSettings::Update()
 .text._ZN12CMIBacklight8SetValueEi
                0x08050ec8       0x1c Application.o
                0x08050ec8                CMIBacklight::SetValue(int)
 .text._ZN9CMIVolume8SetValueEi
                0x08050ee4       0x24 Application.o
                0x08050ee4                CMIVolume::SetValue(int)
 .text._ZN11CMIProgress14RedrawProgressEv
                0x08050f08       0x9c Application.o
                0x08050f08                CMIProgress::RedrawProgress()
 .text._ZN11CMIProgress5OnKeyEt
                0x08050fa4       0x5e Application.o
                0x08050fa4                CMIProgress::OnKey(unsigned short)
 .text._ZN11CMIProgress7OnPaintEv
                0x08051002       0x12 Application.o
                0x08051002                CMIProgress::OnPaint()
 .text._ZN16CProviderAutoOff8GetValueEv
                0x08051014        0xc Application.o
                0x08051014                CProviderAutoOff::GetValue()
 .text._ZN16CProviderAutoOffmmEi
                0x08051020        0xe Application.o
                0x08051020                CProviderAutoOff::operator--(int)
 .text._ZN16CProviderAutoOffppEi
                0x0805102e        0xe Application.o
                0x0805102e                CProviderAutoOff::operator++(int)
 .text._ZN16CProviderAutoOffplEa
                0x0805103c       0x24 Application.o
                0x0805103c                CProviderAutoOff::operator+(signed char)
 .text._ZN16CProviderAutoOff6CreateEii
                0x08051060        0x6 Application.o
                0x08051060                CProviderAutoOff::Create(int, int)
 *fill*         0x08051066        0x2 00
 .text._ZN16CProviderAutoOff8GetLabelEv
                0x08051068       0x28 Application.o
                0x08051068                CProviderAutoOff::GetLabel()
 .text._ZN16CProviderAutoOff8GetWidthEv
                0x08051090       0x16 Application.o
                0x08051090                CProviderAutoOff::GetWidth()
 .text._ZN16CProviderAutoOff7OnPaintERK5CRecth
                0x080510a6       0x28 Application.o
                0x080510a6                CProviderAutoOff::OnPaint(CRect const&, unsigned char)
 .text._ZN10CMIAutoOff6CreateEPKctiP4CWnd
                0x080510ce       0x30 Application.o
                0x080510ce                CMIAutoOff::Create(char const*, unsigned short, int, CWnd*)
 *fill*         0x080510fe        0x2 00
 .text._ZN16CWndMenuSettings6CreateEP4CWndt
                0x08051100       0x70 Application.o
                0x08051100                CWndMenuSettings::Create(CWnd*, unsigned short)
 .text._ZN14CItemBeepOnOff6CreateEP4CWnd
                0x08051170       0x38 Application.o
                0x08051170                CItemBeepOnOff::Create(CWnd*)
 .text._ZN17CProviderShortcut6CreateEPi
                0x080511a8        0x4 Application.o
                0x080511a8                CProviderShortcut::Create(int*)
 .text._ZN17CProviderShortcut9GetLabelAEv
                0x080511ac       0x3c Application.o
                0x080511ac                CProviderShortcut::GetLabelA()
 .text._ZN17CProviderShortcut9GetLabelBEv
                0x080511e8       0x1c Application.o
                0x080511e8                CProviderShortcut::GetLabelB()
 .text._ZN17CProviderShortcut8GetWidthEv
                0x08051204       0x3a Application.o
                0x08051204                CProviderShortcut::GetWidth()
 *fill*         0x0805123e        0x2 00
 .text._ZN17CProviderShortcut7OnPaintERK5CRecth
                0x08051240       0x78 Application.o
                0x08051240                CProviderShortcut::OnPaint(CRect const&, unsigned char)
 .text._ZN17CProviderShortcut8FindNextEii
                0x080512b8       0x5c Application.o
                0x080512b8                CProviderShortcut::FindNext(int, int)
 .text._ZN17CProviderShortcutmmEi
                0x08051314       0x12 Application.o
                0x08051314                CProviderShortcut::operator--(int)
 .text._ZN17CProviderShortcutppEi
                0x08051326       0x10 Application.o
                0x08051326                CProviderShortcut::operator++(int)
 *fill*         0x08051336        0x2 00
 .text._ZN17CProviderShortcutplEa
                0x08051338       0x1c Application.o
                0x08051338                CProviderShortcut::operator+(signed char)
 .text._ZN13CItemShortcut6CreateEP4CWndP14CValueProviderPKc
                0x08051354       0x12 Application.o
                0x08051354                CItemShortcut::Create(CWnd*, CValueProvider*, char const*)
 *fill*         0x08051366        0x2 00
 .text._ZN19CWndMenuKeySettings6CreateEP4CWndt
                0x08051368       0xbc Application.o
                0x08051368                CWndMenuKeySettings::Create(CWnd*, unsigned short)
 .text._ZN12CWndMenuItemC2Ev
                0x08051424       0x14 Application.o
                0x08051424                CWndMenuItem::CWndMenuItem()
                0x08051424                CWndMenuItem::CWndMenuItem()
 .text._ZN6CMIAdcC2Ev
                0x08051438       0x14 Application.o
                0x08051438                CMIAdc::CMIAdc()
                0x08051438                CMIAdc::CMIAdc()
 .text._ZN14CProviderDigitC2Ev
                0x0805144c       0x14 Application.o
                0x0805144c                CProviderDigit::CProviderDigit()
                0x0805144c                CProviderDigit::CProviderDigit()
 .text._ZN10CLPSubItemC2Ev
                0x08051460       0x14 Application.o
                0x08051460                CLPSubItem::CLPSubItem()
                0x08051460                CLPSubItem::CLPSubItem()
 .text._ZN11CDigitsItemILi4EEC2Ev
                0x08051474       0x28 Application.o
                0x08051474                CDigitsItem<4>::CDigitsItem()
                0x08051474                CDigitsItem<4>::CDigitsItem()
 .text._ZN12CProviderBtnC2Ev
                0x0805149c       0x14 Application.o
                0x0805149c                CProviderBtn::CProviderBtn()
                0x0805149c                CProviderBtn::CProviderBtn()
 .text._ZN14CWndListCalDacC2Ev
                0x080514b0       0x94 Application.o
                0x080514b0                CWndListCalDac::CWndListCalDac()
                0x080514b0                CWndListCalDac::CWndListCalDac()
 .text._ZN8CLSpacerC2Ev
                0x08051544       0x14 Application.o
                0x08051544                CLSpacer::CLSpacer()
                0x08051544                CLSpacer::CLSpacer()
 .text._ZN17CWndListCalSimpleC2Ev
                0x08051558       0xc4 Application.o
                0x08051558                CWndListCalSimple::CWndListCalSimple()
                0x08051558                CWndListCalSimple::CWndListCalSimple()
 .text._ZN19CWndMenuCalibrationC2Ev
                0x0805161c       0x54 Application.o
                0x0805161c                CWndMenuCalibration::CWndMenuCalibration()
                0x0805161c                CWndMenuCalibration::CWndMenuCalibration()
 .text._ZN22CWndSpectrumGraphTemplC2Eii
                0x08051670       0x1c Application.o
                0x08051670                CWndSpectrumGraphTempl::CWndSpectrumGraphTempl(int, int)
                0x08051670                CWndSpectrumGraphTempl::CWndSpectrumGraphTempl(int, int)
 .text._ZN18CWndTimeGraphTemplC2Eii
                0x0805168c       0x1c Application.o
                0x0805168c                CWndTimeGraphTempl::CWndTimeGraphTempl(int, int)
                0x0805168c                CWndTimeGraphTempl::CWndTimeGraphTempl(int, int)
 .text._ZN21CWndSpectrographTemplC2Eii
                0x080516a8       0x20 Application.o
                0x080516a8                CWndSpectrographTempl::CWndSpectrographTempl(int, int)
                0x080516a8                CWndSpectrographTempl::CWndSpectrographTempl(int, int)
 .text._ZN17CWndSpectrumGraphC2Ev
                0x080516c8       0x18 Application.o
                0x080516c8                CWndSpectrumGraph::CWndSpectrumGraph()
                0x080516c8                CWndSpectrumGraph::CWndSpectrumGraph()
 .text._ZN21CWndSpectrumGraphMiniC2Ev
                0x080516e0       0x18 Application.o
                0x080516e0                CWndSpectrumGraphMini::CWndSpectrumGraphMini()
                0x080516e0                CWndSpectrumGraphMini::CWndSpectrumGraphMini()
 .text._ZN21CWndSpectrumGraphTimeC2Ev
                0x080516f8       0x18 Application.o
                0x080516f8                CWndSpectrumGraphTime::CWndSpectrumGraphTime()
                0x080516f8                CWndSpectrumGraphTime::CWndSpectrumGraphTime()
 .text._ZN21CWndSpectrumGraphSpecC2Ev
                0x08051710       0x18 Application.o
                0x08051710                CWndSpectrumGraphSpec::CWndSpectrumGraphSpec()
                0x08051710                CWndSpectrumGraphSpec::CWndSpectrumGraphSpec()
 .text._ZN6CMouseC2Ev
                0x08051728       0x18 Application.o
                0x08051728                CMouse::CMouse()
                0x08051728                CMouse::CMouse()
 .text._ZN15CWndScreenSaverC2Ev
                0x08051740       0x1c Application.o
                0x08051740                CWndScreenSaver::CWndScreenSaver()
                0x08051740                CWndScreenSaver::CWndScreenSaver()
 .text._ZN15CWndScreenSaver6OnTickEv
                0x0805175c       0x88 Application.o
                0x0805175c                CWndScreenSaver::OnTick()
 .text._ZN15CWndScreenSaver9OnMessageEP4CWndtm
                0x080517e4        0xe Application.o
                0x080517e4                CWndScreenSaver::OnMessage(CWnd*, unsigned short, unsigned long)
 .text._ZN9CWndSnake7CMapPosC2Ehhh
                0x080517f2        0xa Application.o
                0x080517f2                CWndSnake::CMapPos::CMapPos(unsigned char, unsigned char, unsigned char)
                0x080517f2                CWndSnake::CMapPos::CMapPos(unsigned char, unsigned char, unsigned char)
 .text._ZN9CWndSnake8GetBlockEii
                0x080517fc       0x24 Application.o
                0x080517fc                CWndSnake::GetBlock(int, int)
 .text._ZN9CWndSnake8SetBlockEiih
                0x08051820       0x2e Application.o
                0x08051820                CWndSnake::SetBlock(int, int, unsigned char)
 .text._ZN9CWndSnake10SetDiamondEv
                0x0805184e       0x62 Application.o
                0x0805184e                CWndSnake::SetDiamond()
 .text._ZN9CWndSnake8SetLevelEi
                0x080518b0       0x5c Application.o
                0x080518b0                CWndSnake::SetLevel(int)
 .text._ZN9CWndSnake12SetRandomPosEv
                0x0805190c       0x48 Application.o
                0x0805190c                CWndSnake::SetRandomPos()
 .text._ZN9CWndSnake13PrepareSpriteEiPti
                0x08051954       0x88 Application.o
                0x08051954                CWndSnake::PrepareSprite(int, unsigned short*, int)
 .text._ZN9CWndSnake9DrawBlockEii
                0x080519dc       0x52 Application.o
                0x080519dc                CWndSnake::DrawBlock(int, int)
 .text._ZN9CWndSnake5OnKeyEt
                0x08051a2e       0x3a Application.o
                0x08051a2e                CWndSnake::OnKey(unsigned short)
 .text._ZN9CWndSnake7DrawMapEv
                0x08051a68       0x24 Application.o
                0x08051a68                CWndSnake::DrawMap()
 .text._ZN9CWndSnake11UpdateTimerEv
                0x08051a8c       0x24 Application.o
                0x08051a8c                CWndSnake::UpdateTimer()
 .text._ZN4CPid5ResetEv
                0x08051ab0        0xe Application.o
                0x08051ab0                CPid::Reset()
 *fill*         0x08051abe        0x2 00
 .text._ZN4CPidC2Ev
                0x08051ac0       0x58 Application.o
                0x08051ac0                CPid::CPid()
                0x08051ac0                CPid::CPid()
 .text._ZN4CPin6CreateEi
                0x08051b18       0x34 Application.o
                0x08051b18                CPin::Create(int)
 .text._ZN4CPin4HighEv
                0x08051b4c       0x1c Application.o
                0x08051b4c                CPin::High()
 .text._ZN4CPin3LowEv
                0x08051b68       0x1c Application.o
                0x08051b68                CPin::Low()
 .text._ZN4CPin5FloatEv
                0x08051b84       0x1c Application.o
                0x08051b84                CPin::Float()
 .text._ZN4CPin3GetEv
                0x08051ba0        0xa Application.o
                0x08051ba0                CPin::Get()
 .text._ZN6CDelay7DelayUsEm
                0x08051baa        0xc Application.o
                0x08051baa                CDelay::DelayUs(unsigned long)
 .text._ZN6CDelay7DelayMsEm
                0x08051bb6       0x12 Application.o
                0x08051bb6                CDelay::DelayMs(unsigned long)
 .text._ZN7CDS182011TemperatureERfi
                0x08051bc8       0x4e Application.o
                0x08051bc8                CDS1820::Temperature(float&, int)
 .text._ZN7CDS18203CrcEi
                0x08051c16       0x3a Application.o
                0x08051c16                CDS1820::Crc(int)
 .text._ZN7CDS182013GetScratchpadEv
                0x08051c50        0x4 Application.o
                0x08051c50                CDS1820::GetScratchpad()
 .text._ZN7CDS18204HighEv
                0x08051c54        0x4 Application.o
                0x08051c54                CDS1820::High()
 .text._ZN7CDS18204InitEv
                0x08051c58       0x40 Application.o
                0x08051c58                CDS1820::Init()
 .text._ZN7CDS18205PowerEv
                0x08051c98        0x4 Application.o
                0x08051c98                CDS1820::Power()
 .text._ZN7CDS18202InEv
                0x08051c9c       0x3e Application.o
                0x08051c9c                CDS1820::In()
 .text._ZN7CDS18203OutEh
                0x08051cda       0x38 Application.o
                0x08051cda                CDS1820::Out(unsigned char)
 .text._ZN7CDS18207ReadRomEv
                0x08051d12       0x28 Application.o
                0x08051d12                CDS1820::ReadRom()
 .text._ZN7CDS18207ConvertEi
                0x08051d3a       0x5c Application.o
                0x08051d3a                CDS1820::Convert(int)
 .text._ZN7CDS18209SetConfigEhhh
                0x08051d96       0x3c Application.o
                0x08051d96                CDS1820::SetConfig(unsigned char, unsigned char, unsigned char)
 .text._ZN6CDHT119GetBufferEv
                0x08051dd2        0x4 Application.o
                0x08051dd2                CDHT11::GetBuffer()
 .text._ZN6CDHT115DelayEib
                0x08051dd6       0x32 Application.o
                0x08051dd6                CDHT11::Delay(int, bool)
 .text._ZN6CDHT114InitEv
                0x08051e08       0x4c Application.o
                0x08051e08                CDHT11::Init()
 .text._ZN6CDHT114ReadEv
                0x08051e54       0x6a Application.o
                0x08051e54                CDHT11::Read()
 .text._ZN6CDHT1111GetHumidityEv
                0x08051ebe        0x4 Application.o
                0x08051ebe                CDHT11::GetHumidity()
 .text._ZN6CDHT1114GetTemperatureEv
                0x08051ec2        0x4 Application.o
                0x08051ec2                CDHT11::GetTemperature()
 .text._ZN6CDHT118CheckCrcEv
                0x08051ec6       0x14 Application.o
                0x08051ec6                CDHT11::CheckCrc()
 .text._ZN7CI2CPin4HighEv
                0x08051eda        0x4 Application.o
                0x08051eda                CI2CPin::High()
 .text._ZN4CI2C6CreateEii
                0x08051ede       0x18 Application.o
                0x08051ede                CI2C::Create(int, int)
 *fill*         0x08051ef6        0x2 00
 .text._ZN12CWndGpioTest6CreateEP4CWndt
                0x08051ef8       0x50 Application.o
                0x08051ef8                CWndGpioTest::Create(CWnd*, unsigned short)
 .text._ZN4CI2C5DelayEv
                0x08051f48        0x6 Application.o
                0x08051f48                CI2C::Delay()
 .text._ZN4CI2C4initEv
                0x08051f4e       0x1a Application.o
                0x08051f4e                CI2C::init()
 .text._ZN12CWndGpioTest9OnMessageEP4CWndtm
                0x08051f68       0x42 Application.o
                0x08051f68                CWndGpioTest::OnMessage(CWnd*, unsigned short, unsigned long)
 .text._ZN4CI2C8writebitEh
                0x08051faa       0x40 Application.o
                0x08051faa                CI2C::writebit(unsigned char)
 .text._ZN4CI2C7readbitEv
                0x08051fea       0x30 Application.o
                0x08051fea                CI2C::readbit()
 .text._ZN4CI2C5startEv
                0x0805201a       0x34 Application.o
                0x0805201a                CI2C::start()
 .text._ZN4CI2C5beginEv
                0x0805204e        0xe Application.o
                0x0805204e                CI2C::begin()
 .text._ZN4CI2C4stopEv
                0x0805205c       0x20 Application.o
                0x0805205c                CI2C::stop()
 .text._ZN4CI2C15endTransmissionEv
                0x0805207c        0xa Application.o
                0x0805207c                CI2C::endTransmission()
 .text._ZN4CI2C6_writeEh
                0x08052086       0x24 Application.o
                0x08052086                CI2C::_write(unsigned char)
 .text._ZN4CI2C5writeEh
                0x080520aa        0x4 Application.o
                0x080520aa                CI2C::write(unsigned char)
 .text._ZN4CI2C17beginTransmissionEh
                0x080520ae       0x1a Application.o
                0x080520ae                CI2C::beginTransmission(unsigned char)
 .text._ZN4CI2C11requestFromEhi
                0x080520c8       0x1e Application.o
                0x080520c8                CI2C::requestFrom(unsigned char, int)
 .text._ZN4CI2C5_readEh
                0x080520e6       0x36 Application.o
                0x080520e6                CI2C::_read(unsigned char)
 .text._ZN4CI2C4readEv
                0x0805211c       0x14 Application.o
                0x0805211c                CI2C::read()
 .text._ZN8CArduino9_delay_msEi
                0x08052130        0x6 Application.o
                0x08052130                CArduino::_delay_ms(int)
 .text._ZN7CBMP0855read8Eh
                0x08052136       0x3e Application.o
                0x08052136                CBMP085::read8(unsigned char)
 .text._ZN7CBMP0856read16Eh
                0x08052174       0x4c Application.o
                0x08052174                CBMP085::read16(unsigned char)
 .text._ZN7CBMP0855beginEh
                0x080521c0       0x92 Application.o
                0x080521c0                CBMP085::begin(unsigned char)
 .text._ZN7CBMP0856write8Ehh
                0x08052252       0x28 Application.o
                0x08052252                CBMP085::write8(unsigned char, unsigned char)
 .text._ZN7CBMP08515readRawPressureEv
                0x0805227a       0x5a Application.o
                0x0805227a                CBMP085::readRawPressure()
 .text._ZN7CBMP08518readRawTemperatureEv
                0x080522d4       0x20 Application.o
                0x080522d4                CBMP085::readRawTemperature()
 .text._ZN7CBMP08515readTemperatureEv
                0x080522f4       0x80 Application.o
                0x080522f4                CBMP085::readTemperature()
 .text._ZN7CBMP08512readPressureEv
                0x08052374       0xf8 Application.o
                0x08052374                CBMP085::readPressure()
 *fill*         0x0805246c        0x4 00
 .text._ZN7CBMP08512readAltitudeEf
                0x08052470       0x58 Application.o
                0x08052470                CBMP085::readAltitude(float)
 .text._ZN12CWndGpioTest9PrintBitsEiim
                0x080524c8       0x44 Application.o
                0x080524c8                CWndGpioTest::PrintBits(int, int, unsigned long)
 .text._ZN12CWndGpioTest12UpdateBmp085Ev
                0x0805250c       0xdc Application.o
                0x0805250c                CWndGpioTest::UpdateBmp085()
 .text._ZN12CWndGpioTest11UpdateDht11Ev
                0x080525e8      0x114 Application.o
                0x080525e8                CWndGpioTest::UpdateDht11()
 .text._ZN12CWndGpioTest12UpdateDs1820Ev
                0x080526fc      0x24c Application.o
                0x080526fc                CWndGpioTest::UpdateDs1820()
 .text._ZN12CWndGpioTest6UpdateEv
                0x08052948       0x60 Application.o
                0x08052948                CWndGpioTest::Update()
 .text._ZN12CWndGpioTest7OnTimerEv
                0x080529a8      0x10c Application.o
                0x080529a8                CWndGpioTest::OnTimer()
 .text._ZN13CKeyProcessorC2Ev
                0x08052ab4       0x14 Application.o
                0x08052ab4                CKeyProcessor::CKeyProcessor()
                0x08052ab4                CKeyProcessor::CKeyProcessor()
 .text._ZN13CKeyProcessorlsERKt
                0x08052ac8       0x10 Application.o
                0x08052ac8                CKeyProcessor::operator<<(unsigned short const&)
 .text._ZN13CKeyProcessorrsERt
                0x08052ad8       0x46 Application.o
                0x08052ad8                CKeyProcessor::operator>>(unsigned short&)
 *fill*         0x08052b1e        0x2 00
 .text._ZN11CWndToolBarC2Ev
                0x08052b20       0x14 Application.o
                0x08052b20                CWndToolBar::CWndToolBar()
                0x08052b20                CWndToolBar::CWndToolBar()
 .text._ZN12CWndSigGraphC2Ev
                0x08052b34       0x14 Application.o
                0x08052b34                CWndSigGraph::CWndSigGraph()
                0x08052b34                CWndSigGraph::CWndSigGraph()
 .text._ZN9CItemMeasC2Ev
                0x08052b48       0x14 Application.o
                0x08052b48                CItemMeas::CItemMeas()
                0x08052b48                CItemMeas::CItemMeas()
 .text._ZN12CWndListMeasC2Ev
                0x08052b5c       0x54 Application.o
                0x08052b5c                CWndListMeas::CWndListMeas()
                0x08052b5c                CWndListMeas::CWndListMeas()
 .text._ZN12CWndMenuMeasC2Ev
                0x08052bb0       0x30 Application.o
                0x08052bb0                CWndMenuMeas::CWndMenuMeas()
                0x08052bb0                CWndMenuMeas::CWndMenuMeas()
 .text._ZN11CMIProgressC2Ev
                0x08052be0       0x14 Application.o
                0x08052be0                CMIProgress::CMIProgress()
                0x08052be0                CMIProgress::CMIProgress()
 .text._ZN12CMIBacklightC2Ev
                0x08052bf4       0x14 Application.o
                0x08052bf4                CMIBacklight::CMIBacklight()
                0x08052bf4                CMIBacklight::CMIBacklight()
 .text._ZN9CMIVolumeC2Ev
                0x08052c08       0x14 Application.o
                0x08052c08                CMIVolume::CMIVolume()
                0x08052c08                CMIVolume::CMIVolume()
 .text._ZN13CItemProviderC2Ev
                0x08052c1c       0x14 Application.o
                0x08052c1c                CItemProvider::CItemProvider()
                0x08052c1c                CItemProvider::CItemProvider()
 .text._ZN16CProviderAutoOffC2Ev
                0x08052c30       0x14 Application.o
                0x08052c30                CProviderAutoOff::CProviderAutoOff()
                0x08052c30                CProviderAutoOff::CProviderAutoOff()
 .text._ZN10CMIAutoOffC2Ev
                0x08052c44       0x1c Application.o
                0x08052c44                CMIAutoOff::CMIAutoOff()
                0x08052c44                CMIAutoOff::CMIAutoOff()
 .text._ZN16CWndMenuSettingsC2Ev
                0x08052c60       0x34 Application.o
                0x08052c60                CWndMenuSettings::CWndMenuSettings()
                0x08052c60                CWndMenuSettings::CWndMenuSettings()
 .text._ZN14CItemBeepOnOffC2Ev
                0x08052c94       0x1c Application.o
                0x08052c94                CItemBeepOnOff::CItemBeepOnOff()
                0x08052c94                CItemBeepOnOff::CItemBeepOnOff()
 .text._ZN17CProviderShortcutC2Ev
                0x08052cb0       0x14 Application.o
                0x08052cb0                CProviderShortcut::CProviderShortcut()
                0x08052cb0                CProviderShortcut::CProviderShortcut()
 .text._ZN13CItemShortcutC2Ev
                0x08052cc4       0x14 Application.o
                0x08052cc4                CItemShortcut::CItemShortcut()
                0x08052cc4                CItemShortcut::CItemShortcut()
 .text._ZN19CWndMenuKeySettingsC2Ev
                0x08052cd8       0x5c Application.o
                0x08052cd8                CWndMenuKeySettings::CWndMenuKeySettings()
                0x08052cd8                CWndMenuKeySettings::CWndMenuKeySettings()
 .text._ZN7CMPItemC2Ev
                0x08052d34       0x14 Application.o
                0x08052d34                CMPItem::CMPItem()
                0x08052d34                CMPItem::CMPItem()
 .text._ZN15CWndMenuDisplayC2Ev
                0x08052d48       0x74 Application.o
                0x08052d48                CWndMenuDisplay::CWndMenuDisplay()
                0x08052d48                CWndMenuDisplay::CWndMenuDisplay()
 .text._ZN9CMIButtonC2Ev
                0x08052dbc       0x14 Application.o
                0x08052dbc                CMIButton::CMIButton()
                0x08052dbc                CMIButton::CMIButton()
 .text._ZN12CWndMenuMaskC2Ev
                0x08052dd0       0x64 Application.o
                0x08052dd0                CWndMenuMask::CWndMenuMask()
                0x08052dd0                CWndMenuMask::CWndMenuMask()
 .text._ZN16CItemGenWaveformC2Ev
                0x08052e34       0x1c Application.o
                0x08052e34                CItemGenWaveform::CItemGenWaveform()
                0x08052e34                CItemGenWaveform::CItemGenWaveform()
 .text._ZN14CItemFrequencyC2Ev
                0x08052e50       0x14 Application.o
                0x08052e50                CItemFrequency::CItemFrequency()
                0x08052e50                CItemFrequency::CItemFrequency()
 .text._ZN14CItemAmplitudeC2Ev
                0x08052e64       0x14 Application.o
                0x08052e64                CItemAmplitude::CItemAmplitude()
                0x08052e64                CItemAmplitude::CItemAmplitude()
 .text._ZN11CItemOffsetC2Ev
                0x08052e78       0x14 Application.o
                0x08052e78                CItemOffset::CItemOffset()
                0x08052e78                CItemOffset::CItemOffset()
 .text._ZN9CItemDutyC2Ev
                0x08052e8c       0x14 Application.o
                0x08052e8c                CItemDuty::CItemDuty()
                0x08052e8c                CItemDuty::CItemDuty()
 .text._ZN17CWndMenuGeneratorC2Ev
                0x08052ea0       0x3c Application.o
                0x08052ea0                CWndMenuGenerator::CWndMenuGenerator()
                0x08052ea0                CWndMenuGenerator::CWndMenuGenerator()
 .text._ZN21CWndMenuGeneratorEditC2Ev
                0x08052edc       0x44 Application.o
                0x08052edc                CWndMenuGeneratorEdit::CWndMenuGeneratorEdit()
                0x08052edc                CWndMenuGeneratorEdit::CWndMenuGeneratorEdit()
 .text._ZN12CItemOperandC2Ev
                0x08052f20       0x14 Application.o
                0x08052f20                CItemOperand::CItemOperand()
                0x08052f20                CItemOperand::CItemOperand()
 .text._ZN13CItemOperatorC2Ev
                0x08052f34       0x14 Application.o
                0x08052f34                CItemOperator::CItemOperator()
                0x08052f34                CItemOperator::CItemOperator()
 .text._ZN15CWndListOperandC2Ev
                0x08052f48       0x44 Application.o
                0x08052f48                CWndListOperand::CWndListOperand()
                0x08052f48                CWndListOperand::CWndListOperand()
 .text._ZN14CProviderColorC2Ev
                0x08052f8c       0x14 Application.o
                0x08052f8c                CProviderColor::CProviderColor()
                0x08052f8c                CProviderColor::CProviderColor()
 .text._ZN12CProviderRgbC2Ev
                0x08052fa0       0x14 Application.o
                0x08052fa0                CProviderRgb::CProviderRgb()
                0x08052fa0                CProviderRgb::CProviderRgb()
 .text._ZN12CProviderNumC2Ev
                0x08052fb4       0x14 Application.o
                0x08052fb4                CProviderNum::CProviderNum()
                0x08052fb4                CProviderNum::CProviderNum()
 .text._ZN16CWndListOperatorC2Ev
                0x08052fc8       0x84 Application.o
                0x08052fc8                CWndListOperator::CWndListOperator()
                0x08052fc8                CWndListOperator::CWndListOperator()
 .text._ZN12CWndMenuMathC2Ev
                0x0805304c       0x44 Application.o
                0x0805304c                CWndMenuMath::CWndMenuMath()
                0x0805304c                CWndMenuMath::CWndMenuMath()
 .text._ZN11CWndZoomBarC2Ev
                0x08053090       0x14 Application.o
                0x08053090                CWndZoomBar::CWndZoomBar()
                0x08053090                CWndZoomBar::CWndZoomBar()
 .text._ZN11CWndOscInfoC2Ev
                0x080530a4       0x14 Application.o
                0x080530a4                CWndOscInfo::CWndOscInfo()
                0x080530a4                CWndOscInfo::CWndOscInfo()
 .text._ZN19CWndLevelReferencesC2Ev
                0x080530b8       0x14 Application.o
                0x080530b8                CWndLevelReferences::CWndLevelReferences()
                0x080530b8                CWndLevelReferences::CWndLevelReferences()
 .text._ZN23CWndLevelReferencesMathC2Ev
                0x080530cc       0x14 Application.o
                0x080530cc                CWndLevelReferencesMath::CWndLevelReferencesMath()
                0x080530cc                CWndLevelReferencesMath::CWndLevelReferencesMath()
 .text._ZN18CWndTimeReferencesC2Ev
                0x080530e0       0x14 Application.o
                0x080530e0                CWndTimeReferences::CWndTimeReferences()
                0x080530e0                CWndTimeReferences::CWndTimeReferences()
 .text._ZN17CWndAboutFirmwareC2Ev
                0x080530f4       0x14 Application.o
                0x080530f4                CWndAboutFirmware::CWndAboutFirmware()
                0x080530f4                CWndAboutFirmware::CWndAboutFirmware()
 .text._ZN15CWndAboutDeviceC2Ev
                0x08053108       0x14 Application.o
                0x08053108                CWndAboutDevice::CWndAboutDevice()
                0x08053108                CWndAboutDevice::CWndAboutDevice()
 .text._ZN15CWndAboutStatusC2Ev
                0x0805311c       0x14 Application.o
                0x0805311c                CWndAboutStatus::CWndAboutStatus()
                0x0805311c                CWndAboutStatus::CWndAboutStatus()
 .text._ZN16CWndAboutModulesC2Ev
                0x08053130       0x14 Application.o
                0x08053130                CWndAboutModules::CWndAboutModules()
                0x08053130                CWndAboutModules::CWndAboutModules()
 .text._ZN19CWndSpecAnnotationsC2Ev
                0x08053144       0x14 Application.o
                0x08053144                CWndSpecAnnotations::CWndSpecAnnotations()
                0x08053144                CWndSpecAnnotations::CWndSpecAnnotations()
 .text._ZN17CWndMenuBlockIconC2Ev
                0x08053158       0x14 Application.o
                0x08053158                CWndMenuBlockIcon::CWndMenuBlockIcon()
                0x08053158                CWndMenuBlockIcon::CWndMenuBlockIcon()
 .text._ZN18CWndModuleSelectorC2Ev
                0x0805316c       0x5c Application.o
                0x0805316c                CWndModuleSelector::CWndModuleSelector()
                0x0805316c                CWndModuleSelector::CWndModuleSelector()
 .text._ZN14CWndMessageBoxC2Ev
                0x080531c8       0x14 Application.o
                0x080531c8                CWndMessageBox::CWndMessageBox()
                0x080531c8                CWndMessageBox::CWndMessageBox()
 .text._ZN10CWndButtonC2Ev
                0x080531dc       0x14 Application.o
                0x080531dc                CWndButton::CWndButton()
                0x080531dc                CWndButton::CWndButton()
 .text._ZN11CWndConfirmC2Ev
                0x080531f0       0x24 Application.o
                0x080531f0                CWndConfirm::CWndConfirm()
                0x080531f0                CWndConfirm::CWndConfirm()
 .text._ZN11CWndCharMapC2Ev
                0x08053214       0x14 Application.o
                0x08053214                CWndCharMap::CWndCharMap()
                0x08053214                CWndCharMap::CWndCharMap()
 .text._ZN15CWndUserMonitorC2Ev
                0x08053228       0x34 Application.o
                0x08053228                CWndUserMonitor::CWndUserMonitor()
                0x08053228                CWndUserMonitor::CWndUserMonitor()
 .text._ZN16CWndPidRegulatorC2Ev
                0x0805325c       0x1c Application.o
                0x0805325c                CWndPidRegulator::CWndPidRegulator()
                0x0805325c                CWndPidRegulator::CWndPidRegulator()
 .text._ZN12CWndGpioTestC2Ev
                0x08053278       0x14 Application.o
                0x08053278                CWndGpioTest::CWndGpioTest()
                0x08053278                CWndGpioTest::CWndGpioTest()
 .text._ZN17CApplicationProtoC2Ev
                0x0805328c        0xc Application.o
                0x0805328c                CApplicationProto::CApplicationProto()
                0x0805328c                CApplicationProto::CApplicationProto()
 .text._ZN9CSettings16CalibrationCurveIfsfifLi2EE3GetEPfPsf
                0x08053298       0x50 Application.o
                0x08053298                CSettings::CalibrationCurve<float, short, float, int, float, 2>::Get(float*, short*, float)
 .text._ZN9CSettings9LinApprox3GetEf
                0x080532e8        0xa Application.o
                0x080532e8                CSettings::LinApprox::Get(float)
 *fill*         0x080532f2        0x2 00
 .text._ZN6CMIAdc9UpdateAdcEv
                0x080532f4       0x34 Application.o
                0x080532f4                CMIAdc::UpdateAdc()
 .text._ZN6CMIAdc5OnKeyEt
                0x08053328       0x48 Application.o
                0x08053328                CMIAdc::OnKey(unsigned short)
 .text._ZN9CSettings16CalibrationCurveIsliiiLi6EE3GetEPsPli
                0x08053370       0x40 Application.o
                0x08053370                CSettings::CalibrationCurve<short, long, int, int, int, 6>::Get(short*, long*, int)
 .text._ZN9CSettings16CalibrationCurveIsliiiLi2EE3GetEPsPli
                0x080533b0       0x1e Application.o
                0x080533b0                CSettings::CalibrationCurve<short, long, int, int, int, 2>::Get(short*, long*, int)
 *fill*         0x080533ce        0x2 00
 .text._ZN9CSettings10Calibrator7PrepareEPNS_13AnalogChannelERNS0_8FastCalcE
                0x080533d0       0x48 Application.o
                0x080533d0                CSettings::Calibrator::Prepare(CSettings::AnalogChannel*, CSettings::Calibrator::FastCalc&)
 .text._ZN19CWndLevelReferences7OnPaintEv
                0x08053418       0xd8 Application.o
                0x08053418                CWndLevelReferences::OnPaint()
 .text._ZN6CUtils5ClampIiEEvRT_S1_S1_
                0x080534f0       0x12 Application.o
                0x080534f0                void CUtils::Clamp<int>(int&, int, int)
 .text._ZN12CWndSigGraph4_IncERhi
                0x08053502       0x1c Application.o
                0x08053502                CWndSigGraph::_Inc(unsigned char&, int)
 *fill*         0x0805351e        0x2 00
 .text._ZN12CWndSigGraph5OnKeyEt
                0x08053520      0x280 Application.o
                0x08053520                CWndSigGraph::OnKey(unsigned short)
 .text._ZN9CItemDuty5OnKeyEt
                0x080537a0       0xe8 Application.o
                0x080537a0                CItemDuty::OnKey(unsigned short)
 .text._ZN6CArrayIN9CWndSnake7CMapPosEE4InitEPS1_i
                0x08053888        0xa Application.o
                0x08053888                CArray<CWndSnake::CMapPos>::Init(CWndSnake::CMapPos*, int)
 *fill*         0x08053892        0x2 00
 .text._ZN9CWndSnakeC2Ev
                0x08053894       0x28 Application.o
                0x08053894                CWndSnake::CWndSnake()
                0x08053894                CWndSnake::CWndSnake()
 .text._ZN8CMainWndC2Ev
                0x080538bc      0x190 Application.o
                0x080538bc                CMainWnd::CMainWnd()
                0x080538bc                CMainWnd::CMainWnd()
 .text._ZN5CInitC2Ev
                0x08053a4c       0x20 Application.o
                0x08053a4c                CInit::CInit()
                0x08053a4c                CInit::CInit()
 .text._ZN5CInit11getInstanceEv
                0x08053a6c       0x24 Application.o
                0x08053a6c                CInit::getInstance()
 .text._ZN6CArrayIN9CWndSnake7CMapPosEE9RemoveAllEv
                0x08053a90        0x6 Application.o
                0x08053a90                CArray<CWndSnake::CMapPos>::RemoveAll()
 .text._ZN9CWndSnake7OnPaintEv
                0x08053a96       0xd8 Application.o
                0x08053a96                CWndSnake::OnPaint()
 .text._ZN6CArrayIN9CWndSnake7CMapPosEE7GetSizeEv
                0x08053b6e        0x4 Application.o
                0x08053b6e                CArray<CWndSnake::CMapPos>::GetSize()
 *fill*         0x08053b72        0x2 00
 .text._ZN6CArrayIN9CWndSnake7CMapPosEE3AddES1_
                0x08053b74       0x38 Application.o
                0x08053b74                CArray<CWndSnake::CMapPos>::Add(CWndSnake::CMapPos)
 .text._ZN6CArrayIN9CWndSnake7CMapPosEEixEi
                0x08053bac       0x30 Application.o
                0x08053bac                CArray<CWndSnake::CMapPos>::operator[](int)
 .text._ZN6CArrayIN9CWndSnake7CMapPosEE6ResizeEi
                0x08053bdc       0x1c Application.o
                0x08053bdc                CArray<CWndSnake::CMapPos>::Resize(int)
 .text._ZN6CArrayIN9CWndSnake7CMapPosEE8RemoveAtEi
                0x08053bf8       0x50 Application.o
                0x08053bf8                CArray<CWndSnake::CMapPos>::RemoveAt(int)
 .text._ZN9CWndSnake7OnTimerEv
                0x08053c48      0x188 Application.o
                0x08053c48                CWndSnake::OnTimer()
 .text          0x08053dd0       0x40 Main.o
                0x08053dd0                main
 .text          0x08053e10      0x354 stm32f10x_nvic.o
                0x08053e10                NVIC_DeInit
                0x08053e44                NVIC_SCBDeInit
                0x08053e74                NVIC_PriorityGroupConfig
                0x08053e88                NVIC_Init
                0x08053f0c                NVIC_StructInit
                0x08053f18                NVIC_SETPRIMASK
                0x08053f1c                NVIC_RESETPRIMASK
                0x08053f20                NVIC_SETFAULTMASK
                0x08053f24                NVIC_RESETFAULTMASK
                0x08053f28                NVIC_BASEPRICONFIG
                0x08053f2e                NVIC_GetBASEPRI
                0x08053f32                NVIC_GetCurrentPendingIRQChannel
                0x08053f48                NVIC_GetIRQChannelPendingBitStatus
                0x08053f6c                NVIC_SetIRQChannelPendingBit
                0x08053f78                NVIC_ClearIRQChannelPendingBit
                0x08053f94                NVIC_GetCurrentActiveHandler
                0x08053fa4                NVIC_GetIRQChannelActiveBitStatus
                0x08053fc8                NVIC_GetCPUID
                0x08053fd4                NVIC_SetVectorTable
                0x08053fe8                NVIC_GenerateSystemReset
                0x08053ff8                NVIC_GenerateCoreReset
                0x08054008                NVIC_SystemLPConfig
                0x08054020                NVIC_SystemHandlerConfig
                0x08054044                NVIC_SystemHandlerPriorityConfig
                0x08054098                NVIC_GetSystemHandlerPendingBitStatus
                0x080540bc                NVIC_SetSystemHandlerPendingBit
                0x080540d8                NVIC_ClearSystemHandlerPendingBit
                0x080540f4                NVIC_GetSystemHandlerActiveBitStatus
                0x0805411c                NVIC_GetFaultHandlerSources
                0x08054150                NVIC_GetFaultAddress
 .text          0x08054164       0x7a cortexm3_macro.o
                0x08054164                __WFI
                0x08054168                __WFE
                0x0805416c                __SEV
                0x08054170                __ISB
                0x08054176                __DSB
                0x0805417c                __DMB
                0x08054182                __SVC
                0x08054186                __MRS_CONTROL
                0x0805418c                __MSR_CONTROL
                0x08054196                __MRS_PSP
                0x0805419c                __MSR_PSP
                0x080541a2                __MRS_MSP
                0x080541a8                __MSR_MSP
                0x080541ae                __RESETPRIMASK
                0x080541b2                __SETPRIMASK
                0x080541b6                __READ_PRIMASK
                0x080541bc                __RESETFAULTMASK
                0x080541c0                __SETFAULTMASK
                0x080541c4                __READ_FAULTMASK
                0x080541ca                __BASEPRICONFIG
                0x080541d0                __GetBASEPRI
                0x080541d6                __REV_HalfWord
                0x080541da                __REV_Word
 *fill*         0x080541de        0x2 00
 .text          0x080541e0      0x218 interrupt.o
                0x080541e0                UsartInit
                0x080541f4                UsartPush
                0x0805420c                UsartGet
                0x08054234                UsartEmpty
                0x0805424c                NMIException
                0x0805424e                MemManageException
                0x08054250                BusFaultException
                0x08054252                UsageFaultException
                0x08054254                DebugMonitor
                0x08054256                SVCHandler
                0x08054258                PendSVC
                0x0805425a                SysTickHandler
                0x0805425c                WWDG_IRQHandler
                0x0805425e                PVD_IRQHandler
                0x08054260                TAMPER_IRQHandler
                0x08054262                RTC_IRQHandler
                0x08054264                FLASH_IRQHandler
                0x08054266                RCC_IRQHandler
                0x08054268                EXTI0_IRQHandler
                0x0805426a                EXTI1_IRQHandler
                0x0805426c                EXTI2_IRQHandler
                0x0805426e                EXTI3_IRQHandler
                0x08054270                EXTI4_IRQHandler
                0x08054272                DMA1_Channel1_IRQHandler
                0x08054274                DMA1_Channel2_IRQHandler
                0x08054276                DMA1_Channel3_IRQHandler
                0x08054278                DMA1_Channel4_IRQHandler
                0x0805427a                DMA1_Channel5_IRQHandler
                0x0805427c                DMA1_Channel6_IRQHandler
                0x0805427e                DMA1_Channel7_IRQHandler
                0x08054280                ADC1_2_IRQHandler
                0x08054282                USB_HP_CAN_TX_IRQHandler
                0x08054286                USB_LP_CAN_RX0_IRQHandler
                0x0805428a                CAN_RX1_IRQHandler
                0x0805428c                CAN_SCE_IRQHandler
                0x0805428e                EXTI9_5_IRQHandler
                0x08054290                TIM1_BRK_IRQHandler
                0x08054292                TIM1_UP_IRQHandler
                0x08054294                TIM1_TRG_COM_IRQHandler
                0x08054296                TIM1_CC_IRQHandler
                0x08054298                TIM2_IRQHandler
                0x0805429a                TIM3_IRQHandler
                0x080543b0                TIM4_IRQHandler
                0x080543b2                I2C1_EV_IRQHandler
                0x080543b4                I2C1_ER_IRQHandler
                0x080543b6                I2C2_EV_IRQHandler
                0x080543b8                I2C2_ER_IRQHandler
                0x080543ba                SPI1_IRQHandler
                0x080543bc                SPI2_IRQHandler
                0x080543be                USART1_IRQHandler
                0x080543cc                USART2_IRQHandler
                0x080543ce                USART3_IRQHandler
                0x080543d0                EXTI15_10_IRQHandler
                0x080543d2                RTCAlarm_IRQHandler
                0x080543d4                USBWakeUp_IRQHandler
                0x080543d6                TIM8_BRK_IRQHandler
                0x080543d8                TIM8_UP_IRQHandler
                0x080543da                TIM8_TRG_COM_IRQHandler
                0x080543dc                TIM8_CC_IRQHandler
                0x080543de                ADC3_IRQHandler
                0x080543e0                FSMC_IRQHandler
                0x080543e2                SDIO_IRQHandler
                0x080543e4                TIM5_IRQHandler